// Jest Snapshot v1, https://goo.gl/fbAQLP

exports[`PresetsModal organism should match snapshot 1`] = `
<Modal
  className="modal"
  onClose={[MockFunction]}
  opened={true}
  title="Presets"
>
  <div
    className="body"
  >
    <Connect(PresetEntry)
      id="0"
      key="0"
      onClick={[Function]}
    />
  </div>
  <ModalFooter
    className="footer"
  >
    <Button
      className=""
      color="success"
      onClick={[Function]}
    >
      Save Preset Changes
    </Button>
    <div>
      <Button
        className=""
        color="primary"
        onClick={[Function]}
      >
        Create Preset
      </Button>
      <Button
        className=""
        onClick={[MockFunction]}
      >
        Close
      </Button>
    </div>
  </ModalFooter>
</Modal>
`;
