// Jest Snapshot v1, https://goo.gl/fbAQLP

exports[`Alerts molecule should match snapshot 1`] = `
<Portal
  containerInfo={<body />}
>
  <div
    className="container"
  >
    <Alert
      className="alert"
      key="0"
      onClick={[Function]}
      title="title"
      type="default"
    >
      content
    </Alert>
  </div>
</Portal>
`;
