// Jest Snapshot v1, https://goo.gl/fbAQLP

exports[`EntryList molecule should match snapshot 1`] = `
<div
  className="container"
>
  <table
    className="table"
  >
    <tbody>
      <Connect(EntryListItem)
        id="1"
        key="1"
      />
      <Connect(EntryListItem)
        id="2"
        key="2"
      />
      <Connect(EntryListItem)
        id="3"
        key="3"
      />
      <Connect(EntryListItem)
        id="4"
        key="4"
      />
    </tbody>
  </table>
</div>
`;
