// Jest Snapshot v1, https://goo.gl/fbAQLP

exports[`SplitPane molecule should match snapshot 1`] = `
<div
  className="outerContainer"
>
  <Connect(Search) />
  <div
    className="container"
  >
    <div
      className="leftPane"
    >
      <Connect(EntryList) />
    </div>
    <div
      className="rightPane"
    >
      <Connect(DataView) />
    </div>
  </div>
</div>
`;
