// Jest Snapshot v1, https://goo.gl/fbAQLP

exports[`IconButton atom should match snapshot 1`] = `
<button
  className="iconBtn"
>
  <Icon
    name="close"
  />
</button>
`;
