// Jest Snapshot v1, https://goo.gl/fbAQLP

exports[`ModalFooter atom should match snapshot 1`] = `
<div
  className="footer"
>
  Footer
</div>
`;
