// Jest Snapshot v1, https://goo.gl/fbAQLP

exports[`alertsInitialState should match snapshot 1`] = `
Object {
  "alerts": Object {},
}
`;
