// Jest Snapshot v1, https://goo.gl/fbAQLP

exports[`Actions constant should match snapshot 1`] = `
Object {
  "ALIVE": "ima:devtool:alive",
  "DEAD": "ima:devtool:dead",
  "DETECTING": "ima:devtool:detecting",
  "MESSAGE": "ima:devtool:message",
  "POPUP": "ima:devtool:popup",
  "RELOADING": "ima:devtool:reloading",
  "SETTINGS": "ima:devtool:settings",
  "UNSUPPORTED": "ima:devtool:unsupported",
}
`;
