// Jest Snapshot v1, https://goo.gl/fbAQLP

exports[`State constant should match snapshot 1`] = `
Object {
  "ALIVE": "alive",
  "DEAD": "dead",
  "DETECTING": "detecting",
  "RELOAD": "reload",
}
`;
